// Jest Snapshot v1, https://goo.gl/fbAQLP

exports[`basic should output correct dependency tree 1`] = `
Object {
  "children": Any<Array>,
  "chunks": Any<Set>,
  "path": Any<String>,
}
`;
